2026-08-19 07:34:35.903 INFO  [NO-REQUEST] [main] c.a.t.s.StudentManagementApiApplication - Starting StudentManagementApiApplication using Java 25.0.4 with PID 26476 (D:\student-management-api\build\classes\java\main started by USER in D:\student-management-api)
2026-08-19 07:34:35.909 INFO  [NO-REQUEST] [main] c.a.t.s.StudentManagementApiApplication - No active profile set, falling back to 1 default profile: "default"
2026-08-19 07:34:37.991 INFO  [NO-REQUEST] [main] o.s.d.r.c.RepositoryConfigurationDelegate - Multiple Spring Data modules found, entering strict repository configuration mode
2026-08-19 07:34:37.994 INFO  [NO-REQUEST] [main] o.s.d.r.c.RepositoryConfigurationDelegate - Bootstrapping Spring Data JPA repositories in DEFAULT mode.
2026-08-19 07:34:38.379 INFO  [NO-REQUEST] [main] o.s.d.r.c.RepositoryConfigurationDelegate - Finished Spring Data repository scanning in 362 ms. Found 7 JPA repository interfaces.
2026-08-19 07:34:38.456 INFO  [NO-REQUEST] [main] o.s.d.r.c.RepositoryConfigurationDelegate - Multiple Spring Data modules found, entering strict repository configuration mode
2026-08-19 07:34:38.457 INFO  [NO-REQUEST] [main] o.s.d.r.c.RepositoryConfigurationDelegate - Bootstrapping Spring Data Redis repositories in DEFAULT mode.
2026-08-19 07:34:38.489 INFO  [NO-REQUEST] [main] o.s.d.r.c.RepositoryConfigurationExtensionSupport - Spring Data Redis - Could not safely identify store assignment for repository candidate interface com.acleda.training.studentmanagement.features.auth.AppUserRepository; If you want this repository to be a Redis repository, consider annotating your entities with one of these annotations: org.springframework.data.redis.core.RedisHash (preferred), or consider extending one of the following types with your repository: org.springframework.data.keyvalue.repository.KeyValueRepository
2026-08-19 07:34:38.489 INFO  [NO-REQUEST] [main] o.s.d.r.c.RepositoryConfigurationExtensionSupport - Spring Data Redis - Could not safely identify store assignment for repository candidate interface com.acleda.training.studentmanagement.features.course.CourseRepository; If you want this repository to be a Redis repository, consider annotating your entities with one of these annotations: org.springframework.data.redis.core.RedisHash (preferred), or consider extending one of the following types with your repository: org.springframework.data.keyvalue.repository.KeyValueRepository
2026-08-19 07:34:38.490 INFO  [NO-REQUEST] [main] o.s.d.r.c.RepositoryConfigurationExtensionSupport - Spring Data Redis - Could not safely identify store assignment for repository candidate interface com.acleda.training.studentmanagement.features.course.offering.CourseOfferingRepository; If you want this repository to be a Redis repository, consider annotating your entities with one of these annotations: org.springframework.data.redis.core.RedisHash (preferred), or consider extending one of the following types with your repository: org.springframework.data.keyvalue.repository.KeyValueRepository
2026-08-19 07:34:38.490 INFO  [NO-REQUEST] [main] o.s.d.r.c.RepositoryConfigurationExtensionSupport - Spring Data Redis - Could not safely identify store assignment for repository candidate interface com.acleda.training.studentmanagement.features.department.DepartmentRepository; If you want this repository to be a Redis repository, consider annotating your entities with one of these annotations: org.springframework.data.redis.core.RedisHash (preferred), or consider extending one of the following types with your repository: org.springframework.data.keyvalue.repository.KeyValueRepository
2026-08-19 07:34:38.490 INFO  [NO-REQUEST] [main] o.s.d.r.c.RepositoryConfigurationExtensionSupport - Spring Data Redis - Could not safely identify store assignment for repository candidate interface com.acleda.training.studentmanagement.features.enrollment.EnrollmentRepository; If you want this repository to be a Redis repository, consider annotating your entities with one of these annotations: org.springframework.data.redis.core.RedisHash (preferred), or consider extending one of the following types with your repository: org.springframework.data.keyvalue.repository.KeyValueRepository
2026-08-19 07:34:38.490 INFO  [NO-REQUEST] [main] o.s.d.r.c.RepositoryConfigurationExtensionSupport - Spring Data Redis - Could not safely identify store assignment for repository candidate interface com.acleda.training.studentmanagement.features.instructor.InstructorRepository; If you want this repository to be a Redis repository, consider annotating your entities with one of these annotations: org.springframework.data.redis.core.RedisHash (preferred), or consider extending one of the following types with your repository: org.springframework.data.keyvalue.repository.KeyValueRepository
2026-08-19 07:34:38.490 INFO  [NO-REQUEST] [main] o.s.d.r.c.RepositoryConfigurationExtensionSupport - Spring Data Redis - Could not safely identify store assignment for repository candidate interface com.acleda.training.studentmanagement.features.student.StudentRepository; If you want this repository to be a Redis repository, consider annotating your entities with one of these annotations: org.springframework.data.redis.core.RedisHash (preferred), or consider extending one of the following types with your repository: org.springframework.data.keyvalue.repository.KeyValueRepository
2026-08-19 07:34:38.490 INFO  [NO-REQUEST] [main] o.s.d.r.c.RepositoryConfigurationDelegate - Finished Spring Data repository scanning in 10 ms. Found 0 Redis repository interfaces.
2026-08-19 07:34:39.267 INFO  [NO-REQUEST] [main] o.s.boot.tomcat.TomcatWebServer - Tomcat initialized with port 8080 (http)
2026-08-19 07:34:39.283 INFO  [NO-REQUEST] [main] o.a.catalina.core.StandardService - Starting service [Tomcat]
2026-08-19 07:34:39.284 INFO  [NO-REQUEST] [main] o.a.catalina.core.StandardEngine - Starting Servlet engine: [Apache Tomcat/11.0.22]
2026-08-19 07:34:39.370 INFO  [NO-REQUEST] [main] o.s.b.w.c.s.WebApplicationContextInitializer - Root WebApplicationContext: initialization completed in 3325 ms
2026-08-19 07:34:39.811 INFO  [NO-REQUEST] [main] org.hibernate.orm.jpa - HHH008540: Processing PersistenceUnitInfo [name: default]
2026-08-19 07:34:39.980 INFO  [NO-REQUEST] [main] org.hibernate.orm.core - HHH000001: Hibernate ORM core version 7.4.1.Final
2026-08-19 07:34:40.672 INFO  [NO-REQUEST] [main] o.s.o.j.p.SpringPersistenceUnitInfo - No LoadTimeWeaver setup: ignoring JPA class transformer
2026-08-19 07:34:40.732 INFO  [NO-REQUEST] [main] com.zaxxer.hikari.HikariDataSource - HikariPool-1 - Starting...
2026-08-19 07:34:41.077 INFO  [NO-REQUEST] [main] com.zaxxer.hikari.pool.HikariPool - HikariPool-1 - Added connection org.postgresql.jdbc.PgConnection@128ca7af
2026-08-19 07:34:41.079 INFO  [NO-REQUEST] [main] com.zaxxer.hikari.HikariDataSource - HikariPool-1 - Start completed.
2026-08-19 07:34:41.327 INFO  [NO-REQUEST] [main] o.hibernate.orm.connections.pooling - HHH10001005: Database info:
	Database JDBC URL [jdbc:postgresql://localhost:5432/student_management_db]
	Database driver: PostgreSQL JDBC Driver
	Database dialect: PostgreSQLDialect
	Database version: 18.4
	Default catalog/schema: student_management_db/public
	Autocommit mode: undefined/unknown
	Isolation level: READ_COMMITTED [default READ_COMMITTED]
	JDBC fetch size: none
	Pool: DataSourceConnectionProvider
	Minimum pool size: undefined/unknown
	Maximum pool size: undefined/unknown
2026-08-19 07:34:42.756 INFO  [NO-REQUEST] [main] org.hibernate.orm.core - HHH000489: No JTA platform available (set 'hibernate.transaction.jta.platform' to enable JTA platform integration)
2026-08-19 07:34:42.990 INFO  [NO-REQUEST] [main] o.s.o.j.LocalContainerEntityManagerFactoryBean - Initialized JPA EntityManagerFactory for persistence unit 'default'
2026-08-19 07:34:43.047 INFO  [NO-REQUEST] [main] o.s.d.j.r.q.QueryEnhancerFactories - Hibernate is in classpath; If applicable, HQL parser will be used.
2026-08-19 07:34:43.276 TRACE [NO-REQUEST] [main] o.s.t.a.AnnotationTransactionAttributeSource - Adding transactional method 'com.acleda.training.studentmanagement.features.auth.CustomUserDetailsService.loadUserByUsername' with attribute: PROPAGATION_REQUIRED,ISOLATION_DEFAULT,readOnly
2026-08-19 07:34:44.189 INFO  [NO-REQUEST] [main] o.s.s.c.a.a.c.InitializeAuthenticationProviderBeanManagerConfigurer$InitializeAuthenticationProviderManagerConfigurer - Global AuthenticationManager configured with AuthenticationProvider bean with name authenticationProvider
2026-08-19 07:34:44.190 WARN  [NO-REQUEST] [main] o.s.s.c.a.a.c.InitializeUserDetailsBeanManagerConfigurer$InitializeUserDetailsManagerConfigurer - Global AuthenticationManager configured with an AuthenticationProvider bean. UserDetailsService beans will not be used by Spring Security for automatically configuring username/password login. Consider removing the AuthenticationProvider bean. Alternatively, consider using the UserDetailsService in a manually instantiated DaoAuthenticationProvider. If the current configuration is intentional, to turn off this warning, increase the logging level of 'org.springframework.security.config.annotation.authentication.configuration.InitializeUserDetailsBeanManagerConfigurer' to ERROR
2026-08-19 07:34:44.195 TRACE [NO-REQUEST] [main] o.s.t.a.AnnotationTransactionAttributeSource - Adding transactional method 'com.acleda.training.studentmanagement.features.auth.AuthService.register' with attribute: PROPAGATION_REQUIRED,ISOLATION_DEFAULT
2026-08-19 07:34:44.196 TRACE [NO-REQUEST] [main] o.s.t.a.AnnotationTransactionAttributeSource - Adding transactional method 'com.acleda.training.studentmanagement.features.auth.AuthService.login' with attribute: PROPAGATION_REQUIRED,ISOLATION_DEFAULT,readOnly
2026-08-19 07:34:44.196 TRACE [NO-REQUEST] [main] o.s.t.a.AnnotationTransactionAttributeSource - Adding transactional method 'com.acleda.training.studentmanagement.features.auth.AuthService.refreshToken' with attribute: PROPAGATION_REQUIRED,ISOLATION_DEFAULT,readOnly
2026-08-19 07:34:45.315 TRACE [NO-REQUEST] [main] o.s.t.a.AnnotationTransactionAttributeSource - Adding transactional method 'com.acleda.training.studentmanagement.features.course.CourseServiceImpl.getCourses' with attribute: PROPAGATION_REQUIRED,ISOLATION_DEFAULT,readOnly
2026-08-19 07:34:45.316 TRACE [NO-REQUEST] [main] o.s.t.a.AnnotationTransactionAttributeSource - Adding transactional method 'com.acleda.training.studentmanagement.features.course.CourseServiceImpl.deleteCourse' with attribute: PROPAGATION_REQUIRED,ISOLATION_DEFAULT
2026-08-19 07:34:45.316 TRACE [NO-REQUEST] [main] o.s.t.a.AnnotationTransactionAttributeSource - Adding transactional method 'com.acleda.training.studentmanagement.features.course.CourseServiceImpl.updateCourse' with attribute: PROPAGATION_REQUIRED,ISOLATION_DEFAULT
2026-08-19 07:34:45.316 TRACE [NO-REQUEST] [main] o.s.t.a.AnnotationTransactionAttributeSource - Adding transactional method 'com.acleda.training.studentmanagement.features.course.CourseServiceImpl.getCourseById' with attribute: PROPAGATION_REQUIRED,ISOLATION_DEFAULT,readOnly
2026-08-19 07:34:45.316 TRACE [NO-REQUEST] [main] o.s.t.a.AnnotationTransactionAttributeSource - Adding transactional method 'com.acleda.training.studentmanagement.features.course.CourseServiceImpl.createCourse' with attribute: PROPAGATION_REQUIRED,ISOLATION_DEFAULT
2026-08-19 07:34:45.499 TRACE [NO-REQUEST] [main] o.s.t.a.AnnotationTransactionAttributeSource - Adding transactional method 'com.acleda.training.studentmanagement.features.course.offering.CourseOfferingServiceImpl.getCourseOfferings' with attribute: PROPAGATION_REQUIRED,ISOLATION_DEFAULT,readOnly
2026-08-19 07:34:45.500 TRACE [NO-REQUEST] [main] o.s.t.a.AnnotationTransactionAttributeSource - Adding transactional method 'com.acleda.training.studentmanagement.features.course.offering.CourseOfferingServiceImpl.getCourseOfferingById' with attribute: PROPAGATION_REQUIRED,ISOLATION_DEFAULT,readOnly
2026-08-19 07:34:45.500 TRACE [NO-REQUEST] [main] o.s.t.a.AnnotationTransactionAttributeSource - Adding transactional method 'com.acleda.training.studentmanagement.features.course.offering.CourseOfferingServiceImpl.deleteCourseOffering' with attribute: PROPAGATION_REQUIRED,ISOLATION_DEFAULT
2026-08-19 07:34:45.501 TRACE [NO-REQUEST] [main] o.s.t.a.AnnotationTransactionAttributeSource - Adding transactional method 'com.acleda.training.studentmanagement.features.course.offering.CourseOfferingServiceImpl.updateCourseOffering' with attribute: PROPAGATION_REQUIRED,ISOLATION_DEFAULT
2026-08-19 07:34:45.501 TRACE [NO-REQUEST] [main] o.s.t.a.AnnotationTransactionAttributeSource - Adding transactional method 'com.acleda.training.studentmanagement.features.course.offering.CourseOfferingServiceImpl.createCourseOffering' with attribute: PROPAGATION_REQUIRED,ISOLATION_DEFAULT
2026-08-19 07:34:45.508 TRACE [NO-REQUEST] [main] o.s.t.a.AnnotationTransactionAttributeSource - Adding transactional method 'com.acleda.training.studentmanagement.features.department.DepartmentServiceImpl.findDepartment' with attribute: PROPAGATION_REQUIRED,ISOLATION_DEFAULT
2026-08-19 07:34:45.508 TRACE [NO-REQUEST] [main] o.s.t.a.AnnotationTransactionAttributeSource - Adding transactional method 'com.acleda.training.studentmanagement.features.department.DepartmentServiceImpl.deleteDepartment' with attribute: PROPAGATION_REQUIRED,ISOLATION_DEFAULT
2026-08-19 07:34:45.509 TRACE [NO-REQUEST] [main] o.s.t.a.AnnotationTransactionAttributeSource - Adding transactional method 'com.acleda.training.studentmanagement.features.department.DepartmentServiceImpl.updateDepartment' with attribute: PROPAGATION_REQUIRED,ISOLATION_DEFAULT
2026-08-19 07:34:45.509 TRACE [NO-REQUEST] [main] o.s.t.a.AnnotationTransactionAttributeSource - Adding transactional method 'com.acleda.training.studentmanagement.features.department.DepartmentServiceImpl.createDepartment' with attribute: PROPAGATION_REQUIRED,ISOLATION_DEFAULT
2026-08-19 07:34:45.509 TRACE [NO-REQUEST] [main] o.s.t.a.AnnotationTransactionAttributeSource - Adding transactional method 'com.acleda.training.studentmanagement.features.department.DepartmentServiceImpl.getDepartmentById' with attribute: PROPAGATION_REQUIRED,ISOLATION_DEFAULT,readOnly
2026-08-19 07:34:45.509 TRACE [NO-REQUEST] [main] o.s.t.a.AnnotationTransactionAttributeSource - Adding transactional method 'com.acleda.training.studentmanagement.features.department.DepartmentServiceImpl.getDepartments' with attribute: PROPAGATION_REQUIRED,ISOLATION_DEFAULT,readOnly
2026-08-19 07:34:45.509 TRACE [NO-REQUEST] [main] o.s.t.a.AnnotationTransactionAttributeSource - Adding transactional method 'com.acleda.training.studentmanagement.features.department.DepartmentServiceImpl.updateDepartmentStatus' with attribute: PROPAGATION_REQUIRED,ISOLATION_DEFAULT
2026-08-19 07:34:45.590 TRACE [NO-REQUEST] [main] o.s.t.a.AnnotationTransactionAttributeSource - Adding transactional method 'com.acleda.training.studentmanagement.features.enrollment.EnrollmentServiceImpl.testBulkEnrollmentTransaction' with attribute: PROPAGATION_REQUIRED,ISOLATION_DEFAULT
2026-08-19 07:34:45.591 TRACE [NO-REQUEST] [main] o.s.t.a.AnnotationTransactionAttributeSource - Adding transactional method 'com.acleda.training.studentmanagement.features.enrollment.EnrollmentServiceImpl.createEnrollment' with attribute: PROPAGATION_REQUIRED,ISOLATION_DEFAULT
2026-08-19 07:34:45.591 TRACE [NO-REQUEST] [main] o.s.t.a.AnnotationTransactionAttributeSource - Adding transactional method 'com.acleda.training.studentmanagement.features.enrollment.EnrollmentServiceImpl.getEnrollmentById' with attribute: PROPAGATION_REQUIRED,ISOLATION_DEFAULT,readOnly
2026-08-19 07:34:45.591 TRACE [NO-REQUEST] [main] o.s.t.a.AnnotationTransactionAttributeSource - Adding transactional method 'com.acleda.training.studentmanagement.features.enrollment.EnrollmentServiceImpl.getEnrollments' with attribute: PROPAGATION_REQUIRED,ISOLATION_DEFAULT,readOnly
2026-08-19 07:34:45.592 TRACE [NO-REQUEST] [main] o.s.t.a.AnnotationTransactionAttributeSource - Adding transactional method 'com.acleda.training.studentmanagement.features.enrollment.EnrollmentServiceImpl.updateEnrollmentResult' with attribute: PROPAGATION_REQUIRED,ISOLATION_DEFAULT
2026-08-19 07:34:45.592 TRACE [NO-REQUEST] [main] o.s.t.a.AnnotationTransactionAttributeSource - Adding transactional method 'com.acleda.training.studentmanagement.features.enrollment.EnrollmentServiceImpl.updateEnrollment' with attribute: PROPAGATION_REQUIRED,ISOLATION_DEFAULT
2026-08-19 07:34:45.592 TRACE [NO-REQUEST] [main] o.s.t.a.AnnotationTransactionAttributeSource - Adding transactional method 'com.acleda.training.studentmanagement.features.enrollment.EnrollmentServiceImpl.deleteEnrollment' with attribute: PROPAGATION_REQUIRED,ISOLATION_DEFAULT
2026-08-19 07:34:45.944 TRACE [NO-REQUEST] [main] o.s.t.a.AnnotationTransactionAttributeSource - Adding transactional method 'com.acleda.training.studentmanagement.features.instructor.InstructorServiceImpl.updateInstructor' with attribute: PROPAGATION_REQUIRED,ISOLATION_DEFAULT
2026-08-19 07:34:45.944 TRACE [NO-REQUEST] [main] o.s.t.a.AnnotationTransactionAttributeSource - Adding transactional method 'com.acleda.training.studentmanagement.features.instructor.InstructorServiceImpl.createInstructor' with attribute: PROPAGATION_REQUIRED,ISOLATION_DEFAULT
2026-08-19 07:34:45.944 TRACE [NO-REQUEST] [main] o.s.t.a.AnnotationTransactionAttributeSource - Adding transactional method 'com.acleda.training.studentmanagement.features.instructor.InstructorServiceImpl.getInstructors' with attribute: PROPAGATION_REQUIRED,ISOLATION_DEFAULT,readOnly
2026-08-19 07:34:45.945 TRACE [NO-REQUEST] [main] o.s.t.a.AnnotationTransactionAttributeSource - Adding transactional method 'com.acleda.training.studentmanagement.features.instructor.InstructorServiceImpl.deleteInstructor' with attribute: PROPAGATION_REQUIRED,ISOLATION_DEFAULT
2026-08-19 07:34:45.945 TRACE [NO-REQUEST] [main] o.s.t.a.AnnotationTransactionAttributeSource - Adding transactional method 'com.acleda.training.studentmanagement.features.instructor.InstructorServiceImpl.getInstructorById' with attribute: PROPAGATION_REQUIRED,ISOLATION_DEFAULT,readOnly
2026-08-19 07:34:45.950 TRACE [NO-REQUEST] [main] o.s.t.a.AnnotationTransactionAttributeSource - Adding transactional method 'com.acleda.training.studentmanagement.features.student.StudentServiceImpl.createStudent' with attribute: PROPAGATION_REQUIRED,ISOLATION_DEFAULT
2026-08-19 07:34:45.951 TRACE [NO-REQUEST] [main] o.s.t.a.AnnotationTransactionAttributeSource - Adding transactional method 'com.acleda.training.studentmanagement.features.student.StudentServiceImpl.getStudents' with attribute: PROPAGATION_REQUIRED,ISOLATION_DEFAULT,readOnly
2026-08-19 07:34:45.951 TRACE [NO-REQUEST] [main] o.s.t.a.AnnotationTransactionAttributeSource - Adding transactional method 'com.acleda.training.studentmanagement.features.student.StudentServiceImpl.getStudentById' with attribute: PROPAGATION_REQUIRED,ISOLATION_DEFAULT,readOnly
2026-08-19 07:34:45.951 TRACE [NO-REQUEST] [main] o.s.t.a.AnnotationTransactionAttributeSource - Adding transactional method 'com.acleda.training.studentmanagement.features.student.StudentServiceImpl.updateStudent' with attribute: PROPAGATION_REQUIRED,ISOLATION_DEFAULT
2026-08-19 07:34:45.951 TRACE [NO-REQUEST] [main] o.s.t.a.AnnotationTransactionAttributeSource - Adding transactional method 'com.acleda.training.studentmanagement.features.student.StudentServiceImpl.deleteStudent' with attribute: PROPAGATION_REQUIRED,ISOLATION_DEFAULT
2026-08-19 07:34:47.007 INFO  [NO-REQUEST] [main] o.s.b.a.e.web.EndpointLinksResolver - Exposing 1 endpoint beneath base path '/actuator'
2026-08-19 07:34:47.106 INFO  [NO-REQUEST] [main] o.s.boot.tomcat.TomcatWebServer - Tomcat started on port 8080 (http) with context path '/'
2026-08-19 07:34:47.115 INFO  [NO-REQUEST] [main] c.a.t.s.StudentManagementApiApplication - Started StudentManagementApiApplication in 12.247 seconds (process running for 13.702)
2026-08-19 07:34:47.122 TRACE [NO-REQUEST] [main] o.s.t.i.TransactionInterceptor - No need to create transaction for [org.springframework.data.jpa.repository.support.SimpleJpaRepository.existsByUsernameIgnoreCase]: This method is not transactional.
2026-08-19 07:34:47.214 DEBUG [NO-REQUEST] [main] org.hibernate.SQL - 
    select
        au1_0.id 
    from
        app_users au1_0 
    where
        upper(au1_0.username)=upper(?) 
    fetch
        first ? rows only
2026-08-19 07:34:47.215 TRACE [NO-REQUEST] [main] org.hibernate.orm.jdbc.bind - binding parameter (1:VARCHAR) <- [admin]
2026-08-19 07:34:47.216 TRACE [NO-REQUEST] [main] org.hibernate.orm.jdbc.bind - binding parameter (2:INTEGER) <- [1]
2026-08-19 07:34:47.791 INFO  [NO-REQUEST] [RMI TCP Connection(1)-192.168.33.1] o.a.c.c.C.[Tomcat].[localhost].[/] - Initializing Spring DispatcherServlet 'dispatcherServlet'
2026-08-19 07:34:47.791 INFO  [NO-REQUEST] [RMI TCP Connection(1)-192.168.33.1] o.s.web.servlet.DispatcherServlet - Initializing Servlet 'dispatcherServlet'
2026-08-19 07:34:47.793 INFO  [NO-REQUEST] [RMI TCP Connection(1)-192.168.33.1] o.s.web.servlet.DispatcherServlet - Completed initialization in 1 ms
2026-08-19 07:34:55.369 INFO  [NO-REQUEST] [SpringApplicationShutdownHook] o.s.boot.tomcat.GracefulShutdown - Commencing graceful shutdown. Waiting for active requests to complete
2026-08-19 07:34:55.378 INFO  [NO-REQUEST] [tomcat-shutdown] o.s.boot.tomcat.GracefulShutdown - Graceful shutdown complete
2026-08-19 07:34:57.414 INFO  [NO-REQUEST] [SpringApplicationShutdownHook] o.s.o.j.LocalContainerEntityManagerFactoryBean - Closing JPA EntityManagerFactory for persistence unit 'default'
2026-08-19 07:34:57.416 INFO  [NO-REQUEST] [SpringApplicationShutdownHook] com.zaxxer.hikari.HikariDataSource - HikariPool-1 - Shutdown initiated...
2026-08-19 07:34:57.418 INFO  [NO-REQUEST] [SpringApplicationShutdownHook] com.zaxxer.hikari.HikariDataSource - HikariPool-1 - Shutdown completed.
